&Lubos Pastor
(Various)
(none)
-H. Peh, Kelvin S.
. .
.tefanica Virginia
123-128
1816-1906
4 Working Group Emf
ADINA CLAUDIA NEAMTU Author-Workplace-Name: Constatin Brancusi University of Targu Jiu, Romania
AMBROGIO CESAa€ Bianchi
Abu-Hijleh, B.a/k
Abu-Hijleh, Bassam A/k
Al-Alwani Mahmoud, A.M.
Aleksandar Peke\v{c}
Aleksandar Sasa Peke\v{c}
Alireza Tahbaza€ Salehi
AmariE›a Adrian
Amedome Min-Dianey, Kossi Aniya
Anca Florentina GavriluA£Aƒ (Vatamanu)
Anca Mehedintu, Cerasela Pirvu, Cristian Pirvu Author-Workplace-Name: Universitatea din Craiova, Craiova, Romania; Universitatea “Constantin Brancusi”, Targu Jiu, Romania
Anders Bji¿1⁄2rklund
Anna Eulerich, geb. Bohnstedt
Anna Kuniansky1
Annette Alstadsi¦ter
Antonin Le\v{s}anovsky
Author-Name: BALACESCU Aniela
Author-Name: Jeffrey D. Sachs
Author-Name: John Geanakoplos
Author-Name: VIRGIL-ION Popovici
Ay\c{s}e Kocab{\i}y{\i}ko\u{g}lu
Ayd{\i}n Alptekino\u{g}lu
Aysegul CorakcA±
BOGEANU Author-Workplace-Name: The Bucharest University of Economic Studies Alexandru
Barcelo^Rico-Avello, G.
Bari\c{s} Ata
Bar{\i}\c{s} Ata
Biunga€ Ghi Ju
Bo\u{g}achan Celen
BobiE›an Nicolae
BoiA£Aƒ Marius
Branko Urosevi\'{c}
BAƒltescu CodruE›a Adina
CALDARE IOAN Author-Workplace-Name: TECHNICAL UNIVERSITY OF Cluj-Napoca
CHARLESa€ HENRI Weymuller
CLAUDIA SERBAN Author-Workplace-Name: The Bucharest University of Economic Studies Elena
Carlo Carraro, Emanuele Massetti, Lea Nicita
Cervantes- de Gortari, J.G
Cervantes- de Gortari, J.G.
Chinga€ Yi Lin
Chitan Gheorghe Author-Workplace-Name: Academy of Economic Studies, Bucharest, Romania
Christian Heeb⊘ll
Chua€ Ping C. Vijverberg
Claudiu Valentin NiA£u
CodruE›a Adina BAƒltescu
ConstanA£a Enea
Costin I. RAƒsAƒuA£eanu
Cuceu IonuA£-Constantin
Dagoumas, [alpha].S.
David Pascuala€ Ezama
Derek Bunn, Arne Andresen, Dipeng Chen, Sjur Westgaard
Dianaa€ Cristina Iancu
Duma PetruA£
DuA£Aƒ Alexandru
Dyer, James C, Iv
DAƒnuleA£iu Adina-Elena
DAƒnuleA£iu Dan-Constantin
EMILIO FERNANDEZa€ Corugedo
El-Hady Kassem, Mohamed Abd
Elefterescu LuminiE›a
Elena Padure3u
Emilio Depetrisa€ Chauvin
Erkut Yucao\u{g}lu
Ethan Cohena€ Cole
Financial Structure: Clarendon Lectures in Economics
Findley Musgrove, Carolyn S. ("Casey")
Florin \c{S}abac
Francesco Gulli`
Frederic Branger, Philippe Quirion, Julien Chevallier
Furduescu Bogdan - AlÐμN...andru
FurduÐμsN u BI¿gdan - AlÐμN...andru
Gatzlaff+, Dean H.
George BucAƒA£a
George Daskalakis, Lazaros Symeonidis, Raphael N. Markellos
Gica Gherghina Culi3a
Greys So\v{s}i\'{c}
Greys Sosi\'{c}
Guillaume L`oeillet
Gomez- de la Cruz, Francisco J.
Goker Ayd{\i}n
HerrerI as-Velasco, Jose Manuel
Herrero- de Lucas, L. Carlos
Herrero- de Lucas, Luis C.
HerE›anu Andreea
Hugo Rojasa€ Romagosa
ITALO ARBULU VILLANUEVA Author-Workplace-Name: Malaga-Webb & Asociados
Ileanaghraducanu@yahoo.com
In Pursuit of Leviathan: Technology
Ionela IoniE›iu
IonuE›-Constantin Cuceu
Itay Saportaa€ Eksten
Iv·n Fern·ndez-Val
Jacquesa€ Francois Thisse
Jacquet-Lagre`ze, Eric
Jahanmir a,b,c,, Sara F.
Jaksa Cvitani\'{c}
James Kaia€ sing Kung
Jan W\eogon Glarz
Javier Yai±ez
Jeana€ Paul Carvalho
Jeroen Belii«n
Jie Wu, Ying Fan, Yan Xia
Jind\v{r}ich \v{C}ernohorsky
John Law: Economic Theorist
Jose F. Sanza€ Sanz
Josea€ Antonio Espina€ Sanchez
Juan D. Morenoa€ Ternero
Juan F. Rubioa€ Ramirez
JugAƒnaru Ion DAƒnuE›
Justine Barden, William Pepper, Vineet Aggarwal
Juuso V‰lim‰ki
J·n Z·bojnIk
Kamal Golab1
Katrine V. Li¿1⁄2ken
Kejun Jiang, Xiulian Hu, Zhu Songli
Kirkley++, James
Kooijman- van Dijk, Annemarije L.
Kristiina Makelal;
Kristiina Ma;kela
Kristin Rypd3al
Lawrence‎, Kelvin Kuhanraj
Leon+, Javier
Lea€ Yu Chen
Lobonþ Oana-Ramonaoana.lobont@feaa.uvt.ro
LÐ3⁄4rÐμnÐ° DuduiÐ°lAƒ Ð Ð3⁄4N€Ðμscu
M. Belen Sbrancia1
M. Faz{\i}l Pac
MADAR ANCA Author-Workplace-Name: TRANSILVANIA UNIVERSITY OF BRASOV, Romania
MAGDALENA Author-Workplace-Name: University of Pitesti, Faculty of Economics Radulescu
MAGDALENA TROCAN Author-Workplace-Name: Constantin Brancusi University of Targu Jiu, Romania Laura
MANUEL GONZALEZa€ Astudillo
MARIAN Author-Workplace-Name: Constantin Brancusi University of Targu Jiu, Romania Durbacea-Bolovan
Manole IonuE›-Constantin
Mario Mendez Mui±os
Markus Kr‰tzig
Massimo Giuliodori1
Megren Al-Saud, Khalid A
Mehmet Pa\c{s}a
Mert Topcu, Ayhan Kuloglu, Oana-Ramona Lobont
Michal Mat\v{e}jka
Michalczuk Gra¿yna
MichaA‚ BurzyA„ski
Michopoulos, [alpha].
Mihaela LuminiE›a Sandu
Minga€ Chien Sung
Mirela Stojkovi\'{c}
Mirzapour Al-e-hashem, S.M.J.
MiA£ac Mirela Claudia
MiE›ac Claudia Mirela
Mohd Hisyam Ghazali @ Mohd Zain
Mohd Nasir, Mohamad Na’im
MolcuE› Alin
MusiaA‚-Malago Monika
Musta’amal@Jamal, Aede Hatib
MAƒrunE›elu Carmen-Liliana
N/a
NASTAC DORIN CRISTIAN Author-Workplace-Name: TRANSILVANIA UNIVERSITY OF Brasov
NEACSU NICOLETA ANDREEA Author-Workplace-Name: TRANSILVANIA UNIVERSITY OF BRASOV, Romania
NegoiE›Aƒ Olivia Doina
Nelson Sa¡
Nenad Mladenovi\'{c}
Niall O`Higgins
Niklitschek+, Mario
NiA£u Claudiu Valentin
NiE›u Maria
Noha€ Sun Kwark
Noor El-Din, M.R.
Nur Anisah Binti Mohamed @ A. Rahman
O. Zeynep Ak\c{s}in
Olof Johanssona€ Stenman
Osman O\u{g}uz
Ottmar Edenhofer , Brigitte Knopf, Terry Barker, Lavinia Baumstark, Elie Bellevrat, Bertrand Chateau, Patrick Criqui, Morna Isaac, Alban Kitous, Socrates Kypreos, Marian Leimbach, Kai Lessmann, Bertrand Magne, Serban Scrieciu, Hal Turton, Detlef P.  van Vuuren
Ottmar Edenhofer, Kai Lessmann, Nico Bauer
P. R. Shukla, Amit Garg, Manmohan Kapshe, Rajesh Nair
PO 4 Krumptappen Company
Peter A. F. Frasera€ Mackenzie
PeE›a Crina
Population Dynamics: A New Economic Approach
Practice: Lionel Robbins Lectures
PreoE›escu Dan
P{\i}nar Keskinocak
PAƒiuAYan LuminiA£a
ROBU Author-Workplace-Name: The Bucharest University of Economic Studies Vasile
Rashed M. Y. Al-Sa`ed
Renaud Crassous, Jean-Charles Hourcade, Olivier Sassi
Renaud K. de_Richter
Renaud Kiesgen de_Richter
Renaud de_Richter
Rene Levi0nsky
Reviewed by: A Verbeke
Reviewed by: Jan Annerstedt
Reviewed by: Jonathan Levie
Reviewed by: M Tayeb
Rob Cuelenaere11
Rodr guez-P o, Juan M.
Rodri­guez Ortega, Mari­a Pi­a
RAƒbonE›u Cecilia-Irina
RAƒsAƒuA£eanu Costin I.
RAƒsAƒuA£eanu I. Costin
Sadiq Al-Baghdadi, Maher A.R.
Sadiq Al-Baghdadi, Maher Abdul-Resul
Salah El-Din, M. M.
Salah El-Din, M.m
Salleh, Elias @ Ilias Bin
Sebastian Schweighofera€ Kodritsch
Sedei±o-Noda, A.
Selvaraj, Jeyraj A./L.
Selvaraj, Jeyraj A/l
Sergei Levendorski&icaron;
Serpil Say{\i}n
Seth Richardsa€ Shubik
Shahad Al-Janabi, Haroun A.K.
Sherry,, John F.
Smekens-Ramirez Morales, Koen E. L.
SpAƒtAƒrelu IonuE›
Stec MaA‚gorzata
Stephanie Schmitta€ Grohe
Stephen P. Holland, Jonathan E. Hughes, Christopher R. Knittel, Nathan C. Parker
Strand+, Ivar
Sta‰phane Guibaud
Susana M. S·nchez
Syed Muhammad, Syed Anuar Faua’ad
Słowinski, Co-ordinating Editor, Roman
Taqi Al-Najjar, Hussein M.
Thomas D. Willett:
Tiuhtii ConstanE›a
Toma\v{s} Cipra
Tuana€ Hwee Sng
Tumanako Ngawhika Fa`aui
UE›Aƒ Adina
V. Filipe Martinsa€ daa€ Rocha
VLADU ALINA BEATTRICE Author-Workplace-Name: BABES-BOLYAI UNIVERSITY Cluj-Napoca
Vaiva PetrikaitA—
Valentina Bosetti, Carlo Carraro, Marzio Galeotti, Emanuele Massetti, Massimo Tavoni
Voicu-DorobanE›u Roxana
VoiculeA£ Alina
Yalc{\i}n Akcay
Younga€ Chul Kim
Yua€ Bong Lai
[Kappa]yriakis, [Nu].
\.Ilker Baybars
\c{S}. \.Ilker Birbil
in′t Veld, Jan
Ozge \.I\c{s}legen
